// Jest Snapshot v1, https://goo.gl/fbAQLP

exports[`Newsletter renders correctly 1`] = `
Array [
  <style
    dangerouslySetInnerHTML={
      Object {
        "__html": ".css-r6e1pm{box-shadow:0px 9px 24px rgb(0 0 0 / 6%);margin:90px auto 0;max-width:550px;padding:24px;}.css-r6e1pm h4{padding:12px;}.css-r6e1pm button{background-color:#73abff;border:none;color:white;font-size:1rem;font-weight:600;margin:12px;outline:none;padding:1em 2em;width:100%;}.css-r6e1pm button:focus{outline:auto 5px -webkit-focus-ring-color;}.css-r6e1pm input{border:none;border-bottom:1px solid #ccc;font-size:1rem;margin:12px;padding:8px;width:100%;}.css-r6e1pm >div{display:-webkit-box;display:-webkit-flex;display:-ms-flexbox;display:flex;-webkit-box-flex-wrap:wrap;-webkit-flex-wrap:wrap;-ms-flex-wrap:wrap;flex-wrap:wrap;-webkit-box-pack:justify;-webkit-justify-content:space-between;justify-content:space-between;}.css-r6e1pm >div >div{display:block;margin:12px;width:100%;}",
      }
    }
    data-emotion="css r6e1pm"
  />,
  <div
    className="css-r6e1pm"
  >
    <h4>
      Body
    </h4>
    <div>
      <input
        placeholder="Your email"
        type="email"
      />
      <button
        onClick={[Function]}
      >
        Submit
      </button>
    </div>
  </div>,
]
`;
